<html one="simple" two="expression" three="complex" four="source"></html>