<html>
   <title>test</title>
   <body>
      père
      <a href="http://p%C3%A8re">url</a>
      <input type="text" name="test1" value="père">
      <input type="text" name="test1" value="père">
      <textarea name="test2" wrap="virtual" rows="4" cols="40">père</textarea>
      </body>
</html>